[backblue.gif]
[fade.gif]
[index.html]
[framerusercontent.com/sites/icons/default-favicon-light.v1.png]
[framerusercontent.com/sites/icons/default-favicon-dark.v1.png]
[framerusercontent.com/sites/icons/default-touch-icon.v3.png]
[framerusercontent.com/assets/ClTlH4VwFsTmSyP8HS3Ejfew7yE.png]
[framerusercontent.com/assets/DoWmh43T2IxDHpF8p0o0U5MJk.png]
[framerusercontent.com/assets/hYRPVXJ1nZq3v8BSGcf5ZlQ3Bk.png]
[framerusercontent.com/assets/TkbKxjK3fKOMN00SwAPnPAGU4U.png]
[framerusercontent.com/assets/o8YPbP8EjyfHNddThHL3E2xAE.png]
[framerusercontent.com/assets/KQwfTVJRwTyi6MwenRraJ4Fw.png]
[framerusercontent.com/assets/pUcylTo57xPIL4r6wJCEgLz1xu0.png]
[framerusercontent.com/assets/TbIsjPqONvejVBBpAmBUrLEQI.png]
[framerusercontent.com/assets/ExUK4WXJGfaNiGve8DrBzMQeKt4.png]
[framerusercontent.com/assets/wlo7bGVpLJOsL2jAIYgL4rP8SE.png]
[framerusercontent.com/assets/IfWWEWNaSUoqtsBozitRzpNRk.png]
[thrilled-strategy-258406.framer.app/index.html]
[framerusercontent.com/assets/MdrEVdb8qPEiP4IdwgW71O6Czw.png]
